// Jest Snapshot v1, https://goo.gl/fbAQLP

exports[`WordList has a valid snapshot 1`] = `
<div
  className="wordList"
>
  <table
    className="wordList"
  >
    <tbody>
      <tr>
        <td>
          test
        </td>
        <td>
          <button
            className="delete btn btn-secondary"
            disabled={false}
            onClick={[Function]}
            type="button"
          >
            Delete
          </button>
        </td>
      </tr>
    </tbody>
  </table>
</div>
`;
